FatedReel manual indexing run
Timestamp local: 2026-06-22 14:48:43 +03:00
Repo: C:\Users\aa\Documents\github\fatedreel

Yandex:
- Submitted first 40 URLs to Reindex pages; observed In queue at 2026-06-22 14:35; remaining daily limit after first submit: 110.
- Submitted second 40 URLs to Reindex pages; observed In queue at 2026-06-22 14:37; remaining daily limit after second submit: 70.
- First batch:
  https://fatedreel.com/tt0236027
  https://fatedreel.com/tt0238119
  https://fatedreel.com/tt0238883
  https://fatedreel.com/tt0238891
  https://fatedreel.com/tt0240419
  https://fatedreel.com/tt0240913
  https://fatedreel.com/tt0243794
  https://fatedreel.com/tt0243862
  https://fatedreel.com/tt0244316
  https://fatedreel.com/tt0244479
  https://fatedreel.com/tt0245929
  https://fatedreel.com/tt0246772
  https://fatedreel.com/tt0247196
  https://fatedreel.com/tt0247199
  https://fatedreel.com/tt0247586
  https://fatedreel.com/tt0248845
  https://fatedreel.com/tt0249241
  https://fatedreel.com/tt0249462
  https://fatedreel.com/tt0250081
  https://fatedreel.com/tt0250258
  https://fatedreel.com/tt0250638
  https://fatedreel.com/tt0252444
  https://fatedreel.com/tt0252480
  https://fatedreel.com/tt0252684
  https://fatedreel.com/tt0253200
  https://fatedreel.com/tt0255067
  https://fatedreel.com/tt0255094
  https://fatedreel.com/tt0257360
  https://fatedreel.com/tt0258068
  https://fatedreel.com/tt0258760
  https://fatedreel.com/tt0259072
  https://fatedreel.com/tt0259393
  https://fatedreel.com/tt0259484
  https://fatedreel.com/tt0260991
  https://fatedreel.com/tt0262432
  https://fatedreel.com/tt0264616
  https://fatedreel.com/tt0264796
  https://fatedreel.com/tt0268690
  https://fatedreel.com/tt0269389
  https://fatedreel.com/tt0269743
- Second batch:
  https://fatedreel.com/tt0269746
  https://fatedreel.com/tt0270053
  https://fatedreel.com/tt0271383
  https://fatedreel.com/tt0272207
  https://fatedreel.com/tt0274117
  https://fatedreel.com/tt0274309
  https://fatedreel.com/tt0275083
  https://fatedreel.com/tt0275277
  https://fatedreel.com/tt0275491
  https://fatedreel.com/tt0275719
  https://fatedreel.com/tt0277327
  https://fatedreel.com/tt0279064
  https://fatedreel.com/tt0279065
  https://fatedreel.com/tt0279112
  https://fatedreel.com/tt0279231
  https://fatedreel.com/tt0279248
  https://fatedreel.com/tt0280477
  https://fatedreel.com/tt0280491
  https://fatedreel.com/tt0280653
  https://fatedreel.com/tt0280760
  https://fatedreel.com/tt0281718
  https://fatedreel.com/tt0282599
  https://fatedreel.com/tt0282698
  https://fatedreel.com/tt0283139
  https://fatedreel.com/tt0283832
  https://fatedreel.com/tt0283900
  https://fatedreel.com/tt0284363
  https://fatedreel.com/tt0285441
  https://fatedreel.com/tt0285861
  https://fatedreel.com/tt0286244
  https://fatedreel.com/tt0286261
  https://fatedreel.com/tt0286516
  https://fatedreel.com/tt0287803
  https://fatedreel.com/tt0288439
  https://fatedreel.com/tt0289181
  https://fatedreel.com/tt0290661
  https://fatedreel.com/tt0291003
  https://fatedreel.com/tt0291172
  https://fatedreel.com/tt0291350
  https://fatedreel.com/tt0291579

Bing:
- Confirmed earlier screen tt0250638 submitted, then first batch progressed through tt0269743 with final observed Indexing requested.
- Submitted/observed new batch first 20 through tt0280760; final observed tt0280760: Indexing requested + URL submitted successfully + Indexed successfully/URL can appear on Bing.
- New Bing batch first 20:
  https://fatedreel.com/tt0269746
  https://fatedreel.com/tt0270053
  https://fatedreel.com/tt0271383
  https://fatedreel.com/tt0272207
  https://fatedreel.com/tt0274117
  https://fatedreel.com/tt0274309
  https://fatedreel.com/tt0275083
  https://fatedreel.com/tt0275277
  https://fatedreel.com/tt0275491
  https://fatedreel.com/tt0275719
  https://fatedreel.com/tt0277327
  https://fatedreel.com/tt0279064
  https://fatedreel.com/tt0279065
  https://fatedreel.com/tt0279112
  https://fatedreel.com/tt0279231
  https://fatedreel.com/tt0279248
  https://fatedreel.com/tt0280477
  https://fatedreel.com/tt0280491
  https://fatedreel.com/tt0280653
  https://fatedreel.com/tt0280760
- No login/captcha/MFA observed. Bing UI timed out in automation twice, but final current URL confirmed progress/state.

Google:
- Current inspection URL: https://fatedreel.com/tt0238119
- Live test text observed: URL Google tarafindan kullanilabilir; Sayfa dizine eklenebilir; Video algilandi.
- Body text also includes Dizine eklenmesi istendi, so request appears queued for this URL.
- Request button was not exposed as a stable visible clickable element via CDP; no captcha/login/quota observed.

Blockers:
- Google Search Console UI has hidden/zero-size duplicate inspection panels; safe automation click for request button was not reliable in this run.
- No quota/login/captcha/MFA block observed for Yandex or Bing.
