FatedReel manual webmaster URL ekleme
Started: 2026-06-22 13:28:58 +03:00
CWD: C:\Users\aa\Documents\github\fatedreel
Total tt URLs in sitemap: 3123
Candidate URLs selected: 30

[Candidates]
https://fatedreel.com/tt0191636
https://fatedreel.com/tt0195234
https://fatedreel.com/tt0199725
https://fatedreel.com/tt0200720
https://fatedreel.com/tt0203166
https://fatedreel.com/tt0203230
https://fatedreel.com/tt0203632
https://fatedreel.com/tt0205873
https://fatedreel.com/tt0208196
https://fatedreel.com/tt0208874
https://fatedreel.com/tt0208990
https://fatedreel.com/tt0209180
https://fatedreel.com/tt0210070
https://fatedreel.com/tt0212815
https://fatedreel.com/tt0212826
https://fatedreel.com/tt0216625
https://fatedreel.com/tt0216651
https://fatedreel.com/tt0216787
https://fatedreel.com/tt0216799
https://fatedreel.com/tt0216800
https://fatedreel.com/tt0218839
https://fatedreel.com/tt0221073
https://fatedreel.com/tt0221559
https://fatedreel.com/tt0222850
https://fatedreel.com/tt0222851
https://fatedreel.com/tt0227277
https://fatedreel.com/tt0228687
https://fatedreel.com/tt0229340
https://fatedreel.com/tt0233841
https://fatedreel.com/tt0234837
