Manual browser indexing run
Timestamp local: 2026-06-22 16:58:53 +03:00
Repo: C:\Users\aa\Documents\github\fatedreel
Trigger: user requested all engines again


[Yandex]
Textarea count: 1
Batch first/last: https://fatedreel.com/tt0292242 / https://fatedreel.com/tt0342492
Send button count: 1
After send text excerpt:
Summary
Website optimization
Efficiency
Indexing
Tools
Display in the search
Links
Tutorials
Useful services
7
11
Reindex pages
Add URL to your list of important pages in order to track its indexing and get notified about changes to its status in Search. Find out more
Your daily limit is 150 URLs per site, including the main domain and all subdomains.
You have reached your daily limit of added URLs.
Send
Sent pages
Updates aren't immediate. They appear after a few database refreshes.
Page URL	Status	Sent	
https://fatedreel.com/tt0292242	
In queue
	06/22/2026 5:02 PM	
Track

https://fatedreel.com/tt0292542	
In queue
	06/22/2026 5:02 PM	
Track

https://fatedreel.com/tt0293416	
In queue
	06/22/2026 5:02 PM	
Track

https://fatedreel.com/tt0293508	
In queue
	06/22/2026 5:02 PM	
Track

https://fatedreel.com/tt0294870	
In queue
	06/22/2026 5:02 PM	
Track

https://fatedreel.com/tt0296166	
In queue
	06/22/2026 5:02 PM	
Track

https://fatedreel.com/tt0297721	
In queue
	06/22/2026 5:02 PM	
Track

https://fatedreel.com/tt0297884	
In queue
	06/22/2026 5:02 PM	
Track

https://fatedreel.com/tt0298228	
In queue
	06/22/2026 5:02 PM	
Track

https://fatedreel.com/tt0298845	
In queue
	06/22/2026 5:02 PM	
Track

https://fatedreel.com/tt0299117	
In queue
	06/22/2026 5:02 PM	
Track

https://fatedreel.com/tt0299658	
In queue
	06/22/2026 5:02 PM	
Track

https://fatedreel.com/tt0300140	
In queue
	06/22/2026 5:02 PM	
Track

https://fatedreel.com/tt0300214	
In queue
	06/22/2026 5:02 PM	
Track

https://fatedreel.com/tt0301199	
In queue
	06/22/2026 5:02 PM	
Track

https://fatedreel.com/tt0301357	
In queue
	06/22/2026 5:02 PM	
Track

https://fatedreel.com/tt0301414	
In queue
	06/22/2026 5:02 PM	
Track

https://fatedreel.com/tt0301634	
In queue
	06/22/2026 5:02 PM	
Track

https://fatedreel.com/tt0301976	
In queue
	06/22/2026 5:02 PM	
Track

https://fatedreel.com/tt0301978	
In queue
	06/22/2026 5:02 PM	
Track

https://fatedreel.com/tt0304262	
In queue
	06/22/2026 5:02 PM	
Track

https://fatedreel.c

[Bing]
Submit URLs button count: 1
