RUN START: 2026-06-28T18:06:27.6963012+03:00
CWD: C:\Users\aa\Documents\github\fatedreel
SCHEDULE NOTE: Automation fatedreel-url-ekleme; every run performs IndexNow plus webmaster-console availability checks.
AUTOMATION ID: fatedreel-url-ekleme
PREVIOUS LOG: C:\Users\aa\Documents\github\fatedreel\indexing-run-2026-06-28-120404.log
PREVIOUS LOG TIME: 2026-06-28 12:06:19
PREVIOUS LOG AGE HOURS: 6
SON 6 SAATTE CALISMA: YOK

INDEXNOW: checking required files
INDEXNOW SCRIPT PRESENT: True
INDEXNOW KEY FILE PRESENT: True
INDEXNOW COMMAND: python .\submit_indexnow.py
INDEXNOW OUTPUT BEGIN
IndexNow status: 200
Submitted URLs: 3124
INDEXNOW OUTPUT END
INDEXNOW EXIT CODE: 0
INDEXNOW STATUS SUMMARY: IndexNow status: 200
INDEXNOW SUBMITTED URL COUNT SUMMARY: Submitted URLs: 3124
INDEXNOW FAILURES: none observed.

LOG PATH: C:\Users\aa\Documents\github\fatedreel\indexing-run-2026-06-28-180627.log
--- WEBMASTER CONSOLE ACCESS CHECK ---
CDP 127.0.0.1:9222: unavailable / remote server connection failed.
Google Search Console: BLOCKED; authenticated Chrome UI submission was not attempted because Chrome remote debugging endpoint is not reachable. No quota/login/CAPTCHA/MFA state could be checked in this run.
Bing Webmaster Tools: BLOCKED for UI submission; Chrome remote debugging endpoint is not reachable. IndexNow API submission already succeeded. No quota/login/CAPTCHA/MFA state could be checked in this run.
Yandex Webmaster: BLOCKED for UI submission; Chrome remote debugging endpoint is not reachable. IndexNow API submission already succeeded. No quota/login/CAPTCHA/MFA state could be checked in this run.
Last attempted webmaster URL: NONE (blocked before live inspection/request).

--- FINAL SUMMARY ---
Previous log strict last-6-hours status: YOK; previous log was at 2026-06-28 12:06:19 and this run started at 2026-06-28 18:06:27.
IndexNow/Bing-Yandex API: submitted 3124 URLs; final HTTP/status result 200; final exit code 0; failures none observed.
Google Search Console: 0 requested; BLOCKED because Chrome CDP endpoint was unavailable.
Bing Webmaster Tools UI: 0 requested; BLOCKED because Chrome CDP endpoint was unavailable; IndexNow API status 200.
Yandex Webmaster UI: 0 requested; BLOCKED because Chrome CDP endpoint was unavailable; IndexNow API status 200.
Quota/blocker status: live console quotas were not checked this run; no login, CAPTCHA, MFA, or daily-limit UI was reached because browser control endpoint was unavailable.
Site files edited: NO. Technical indexing blocker found: NO.
Log file path: C:\Users\aa\Documents\github\fatedreel\indexing-run-2026-06-28-180627.log
RUN END: 2026-06-28T18:07:50.4036598+03:00
