RUN START: 2026-06-24T09:14:31.6642628+03:00
CWD: C:\Users\aa\Documents\github\fatedreel
Automation: fatedreel-url-ekleme
Schedule: FREQ=HOURLY;INTERVAL=6
Previous log: C:\Users\aa\Documents\github\fatedreel\indexing-run-2026-06-24-031550.log
Previous log mtime: 2026-06-24T03:20:07.6478929+03:00
Previous log age minutes: 354.4
Son 6 saatte calisma: VAR
--- INDEXNOW RUN ---
IndexNow status: 200
Submitted URLs: 3124
IndexNow exit code: 0
--- LOG PATH ---
C:\Users\aa\Documents\github\fatedreel\indexing-run-2026-06-24-091431.log
--- CHROME / WEBMASTER ACCESS CHECK ---
Chrome extension visible tabs: chrome://downloads only; Google/Bing/Yandex webmaster tabs not visible to automation in this run.
CDP 127.0.0.1:9222: unavailable / timed out.
Result: Google/Bing/Yandex live UI submission was not attempted in this run to avoid blind clicking.
--- PREVIOUS WEBMASTER STATUS SNAPSHOT ---
[Google: live URL]
Google: live URL https://fatedreel.com/tt0248845 was usable/indexable; indexing request attempted; blocker: Kota Aşıldı / daily quota exceeded. No CAPTCHA/MFA/login blocker observed.
Google: live URL https://fatedreel.com/tt0248845 was usable/indexable; indexing request attempted; blocker: Kota Aşıldı / daily quota exceeded. No CAPTCHA/MFA/login blocker observed.
Google: live URL https://fatedreel.com/tt0248845 was usable/indexable; indexing request attempted; blocker: Kota Aşıldı / daily quota exceeded. No CAPTCHA/MFA/login blocker observed.
Google: live URL https://fatedreel.com/tt0248845 was usable/indexable; indexing request attempted; blocker: Kota Aşıldı / daily quota exceeded. No CAPTCHA/MFA/login blocker observed.
Google: live URL https://fatedreel.com/tt0248845 was usable/indexable; indexing request attempted; blocker: Kota Aşıldı / daily quota exceeded. No CAPTCHA/MFA/login blocker observed.
[Bing: URL Submission]
Bing: URL Submission page reachable; quota left for today: 0; URLs submitted today: 100; reset shown in ~12 hrs. No CAPTCHA/MFA/login blocker observed.
Bing: URL Submission page reachable; quota left for today: 0; URLs submitted today: 100; reset shown in ~12 hrs. No CAPTCHA/MFA/login blocker observed.
Bing: URL Submission page reachable; quota left for today: 0; URLs submitted today: 100; reset shown in ~12 hrs. No CAPTCHA/MFA/login blocker observed.
Bing: URL Submission page reachable; quota left for today: 0; URLs submitted today: 100; reset shown in ~12 hrs. No CAPTCHA/MFA/login blocker observed.
Bing: URL Submission page reachable; quota left for today: 0; URLs submitted today: 100; reset shown in ~12 hrs. No CAPTCHA/MFA/login blocker observed.
[Yandex: Reindex]
Yandex: Reindex page reachable; blocker: daily limit reached (150 URLs per site). No CAPTCHA/MFA/login blocker observed.
Yandex: Reindex page reachable; blocker: daily limit reached (150 URLs per site). No CAPTCHA/MFA/login blocker observed.
Yandex: Reindex page reachable; blocker: daily limit reached (150 URLs per site). No CAPTCHA/MFA/login blocker observed.
Yandex: Reindex daily limit 150 dolu görünüyordu; IndexNow ayrıca çalıştırıldı.
Yandex: Reindex page reachable; blocker: daily limit reached (150 URLs per site). No CAPTCHA/MFA/login blocker observed.
[Kota]
Google: live URL https://fatedreel.com/tt0248845 was usable/indexable; indexing request attempted; blocker: Kota Aşıldı / daily quota exceeded. No CAPTCHA/MFA/login blocker observed.
Google: live URL https://fatedreel.com/tt0248845 was usable/indexable; indexing request attempted; blocker: Kota Aşıldı / daily quota exceeded. No CAPTCHA/MFA/login blocker observed.
Google: live URL https://fatedreel.com/tt0248845 was usable/indexable; indexing request attempted; blocker: Kota Aşıldı / daily quota exceeded. No CAPTCHA/MFA/login blocker observed.
Google: live URL https://fatedreel.com/tt0248845 was usable/indexable; indexing request attempted; blocker: Kota Aşıldı / daily quota exceeded. No CAPTCHA/MFA/login blocker observed.
Google: live URL https://fatedreel.com/tt0248845 was usable/indexable; indexing request attempted; blocker: Kota Aşıldı / daily quota exceeded. No CAPTCHA/MFA/login blocker observed.
[quota]
Bing: URL Submission page reachable; quota left for today: 0; URLs submitted today: 100; reset shown in ~12 hrs. No CAPTCHA/MFA/login blocker observed.
Google: live URL https://fatedreel.com/tt0248845 was usable/indexable; indexing request attempted; blocker: Kota Aşıldı / daily quota exceeded. No CAPTCHA/MFA/login blocker observed.
Bing: URL Submission page reachable; quota left for today: 0; URLs submitted today: 100; reset shown in ~12 hrs. No CAPTCHA/MFA/login blocker observed.
Google: live URL https://fatedreel.com/tt0248845 was usable/indexable; indexing request attempted; blocker: Kota Aşıldı / daily quota exceeded. No CAPTCHA/MFA/login blocker observed.
Bing: URL Submission page reachable; quota left for today: 0; URLs submitted today: 100; reset shown in ~12 hrs. No CAPTCHA/MFA/login blocker observed.
[daily limit]
Yandex: Reindex page reachable; blocker: daily limit reached (150 URLs per site). No CAPTCHA/MFA/login blocker observed.
    "excerpt": "Summary\nWebsite optimization\nEfficiency\nIndexing\nTools\nDisplay in the search\nLinks\nTutorials\nUseful services\n7\n11\nReindex pages\nAdd URL to your list of important pages in order to track its indexing and get notified about changes to its status in Search. Find out more\nYour daily limit is 150 URLs per site, including the main domain and all subdomains.\nYou have reached your daily limit of added URLs.\nSend\nSent pages\nUpdatesÂ aren't immediate. They appear afterÂ aÂ few database refreshes.\nPage URL\tStatus\tSent\t\nhttps://fatedreel.com/tt0292242\t\nIn queue\n\t06/22/2026 5:02 PM\t\nTrack\n\nhttps://fatedreel.com/tt0292542\t\nIn queue\n\t06/22/2026 5:02 PM\t\nTrack\n\nhttps://fatedreel.com/tt0293416\t\nIn queue\n\t06/22/2026 5:02 PM\t\nTrack\n\nhttps://fatedreel.com/tt0293508\t\nIn queue\n\t06/22/2026 5:02 PM\t\nTrack\n\nhttps://fatedreel.com/tt0294870\t\nIn queue\n\t06/22/2026 5:02 PM\t\nTrack\n\nhttps://fatedreel.com/tt0296166\t\nIn queue\n\t06/22/2026 5:02 PM\t\nTrack\n\nhttps://fatedreel.com/tt0297721\t\nIn queue\n\t06/22/2026 5:02 PM\t\nTrack\n"
Yandex: Reindex daily limit 150 dolu görünüyordu; IndexNow ayrıca çalıştırıldı.
Yandex: last known Reindex daily limit 150 reached; IndexNow executed above.
Yandex: Reindex page reachable; blocker: daily limit reached (150 URLs per site). No CAPTCHA/MFA/login blocker observed.
[CAPTCHA]
Yandex: Reindex page reachable; blocker: daily limit reached (150 URLs per site). No CAPTCHA/MFA/login blocker observed.
Yandex: Reindex page reachable; blocker: daily limit reached (150 URLs per site). No CAPTCHA/MFA/login blocker observed.
Yandex: Reindex page reachable; blocker: daily limit reached (150 URLs per site). No CAPTCHA/MFA/login blocker observed.
Yandex: Reindex page reachable; blocker: daily limit reached (150 URLs per site). No CAPTCHA/MFA/login blocker observed.
Yandex: Reindex page reachable; blocker: daily limit reached (150 URLs per site). No CAPTCHA/MFA/login blocker observed.
[MFA]
Yandex: Reindex page reachable; blocker: daily limit reached (150 URLs per site). No CAPTCHA/MFA/login blocker observed.
Yandex: Reindex page reachable; blocker: daily limit reached (150 URLs per site). No CAPTCHA/MFA/login blocker observed.
Yandex: Reindex page reachable; blocker: daily limit reached (150 URLs per site). No CAPTCHA/MFA/login blocker observed.
Yandex: Reindex page reachable; blocker: daily limit reached (150 URLs per site). No CAPTCHA/MFA/login blocker observed.
Yandex: Reindex page reachable; blocker: daily limit reached (150 URLs per site). No CAPTCHA/MFA/login blocker observed.
[login]
Yandex: Reindex page reachable; blocker: daily limit reached (150 URLs per site). No CAPTCHA/MFA/login blocker observed.
Yandex: Reindex page reachable; blocker: daily limit reached (150 URLs per site). No CAPTCHA/MFA/login blocker observed.
Yandex: Reindex page reachable; blocker: daily limit reached (150 URLs per site). No CAPTCHA/MFA/login blocker observed.
Yandex: Reindex page reachable; blocker: daily limit reached (150 URLs per site). No CAPTCHA/MFA/login blocker observed.
Yandex: Reindex page reachable; blocker: daily limit reached (150 URLs per site). No CAPTCHA/MFA/login blocker observed.
--- FINAL SUMMARY ---
Previous log within last 6 hours: YES.
IndexNow: status 200; submitted URLs 3124.
Google: not live-submitted this run; previous live blocker daily quota exceeded at https://fatedreel.com/tt0248845; no CAPTCHA/MFA/login observed then.
Bing: not live-submitted this run; previous live blocker URL Submission quota 0/100, 100 submitted today; no CAPTCHA/MFA/login observed then.
Yandex: not live-submitted this run; previous live blocker daily reindex limit 150 reached; no CAPTCHA/MFA/login observed then.
RUN END: 2026-06-24T09:21:47.4822619+03:00
